// Jest Snapshot v1, https://goo.gl/fbAQLP

exports[`Test Products snapshot Products 1`] = `
Object {
  "asFragment": [Function],
  "baseElement": <body>
    <div>
      <main>
        <div
          class="MuiContainer-root MuiContainer-maxWidthLg main-list css-1oqqzyl-MuiContainer-root"
        >
          <div>
            <div
              aria-hidden="true"
              class="MuiBackdrop-root css-1mgwyik-MuiBackdrop-root"
              style="opacity: 0.7; background-color: white; position: absolute; webkit-transition: opacity 225ms cubic-bezier(0.4, 0, 0.2, 1) 0ms; transition: opacity 225ms cubic-bezier(0.4, 0, 0.2, 1) 0ms;"
            >
              <span
                class="MuiCircularProgress-root MuiCircularProgress-indeterminate MuiCircularProgress-colorInherit css-62e83j-MuiCircularProgress-root"
                role="progressbar"
                style="width: 40px; height: 40px;"
              >
                <svg
                  class="MuiCircularProgress-svg css-1idz92c-MuiCircularProgress-svg"
                  viewBox="22 22 44 44"
                >
                  <circle
                    class="MuiCircularProgress-circle MuiCircularProgress-circleIndeterminate css-176wh8e-MuiCircularProgress-circle"
                    cx="44"
                    cy="44"
                    fill="none"
                    r="20.2"
                    stroke-width="3.6"
                  />
                </svg>
              </span>
            </div>
          </div>
          <div
            class="breadcrumbs__wrapper"
          >
            <a
              class="breadcrumbs__link"
              href="/"
            >
              Home
            </a>
            <a
              class="breadcrumbs__link"
              href="/products"
            >
              Products
            </a>
          </div>
          <div
            class="products-header"
          >
            <p
              class="count-found-product"
            >
              Products 
              <span
                class="title_contrast"
              >
                0
                 found
              </span>
            </p>
            <button
              class="MuiButtonBase-root sc-beqWaB eeHUGz btn-reset-filter css-10d1a0h-MuiButtonBase-root"
              tabindex="0"
              type="button"
            >
              <span
                class="button__start-icon"
              />
              Reset filters
              <span
                class="button__end-icon"
              />
              <span
                class="MuiTouchRipple-root css-8je8zh-MuiTouchRipple-root"
              />
            </button>
          </div>
          <section
            class="main-list__sections"
          >
            <div
              class="main-list__sections--products"
            >
              <p
                class="text-product__not-found"
              />
            </div>
            <div
              class="main-list__sections--filters"
            >
              <section
                class="main-filter-block"
              >
                <div
                  class="MuiFormControl-root css-1nrlq1o-MuiFormControl-root"
                >
                  <div
                    class="header-filter"
                  >
                     Sort by  
                  </div>
                  <div
                    class="MuiInputBase-root MuiOutlinedInput-root MuiInputBase-colorSuccess MuiInputBase-formControl  css-meedmd-MuiInputBase-root-MuiOutlinedInput-root-MuiSelect-root"
                  >
                    <div
                      aria-expanded="false"
                      aria-haspopup="listbox"
                      class="MuiSelect-select MuiSelect-outlined MuiInputBase-input MuiOutlinedInput-input css-11u53oe-MuiSelect-select-MuiInputBase-input-MuiOutlinedInput-input"
                      role="button"
                      tabindex="0"
                    >
                      <span
                        class="notranslate"
                      >
                        ​
                      </span>
                    </div>
                    <input
                      aria-hidden="true"
                      class="MuiSelect-nativeInput css-yf8vq0-MuiSelect-nativeInput"
                      tabindex="-1"
                      value=""
                    />
                    <svg
                      aria-hidden="true"
                      class="MuiSvgIcon-root MuiSvgIcon-fontSizeMedium MuiSelect-icon MuiSelect-iconOutlined css-hfutr2-MuiSvgIcon-root-MuiSelect-icon"
                      data-testid="ArrowDropDownIcon"
                      focusable="false"
                      viewBox="0 0 24 24"
                    >
                      <path
                        d="M7 10l5 5 5-5z"
                      />
                    </svg>
                    <fieldset
                      aria-hidden="true"
                      class="MuiOutlinedInput-notchedOutline css-1d3z3hw-MuiOutlinedInput-notchedOutline"
                    >
                      <legend
                        class="css-ihdtdm"
                      >
                        <span
                          class="notranslate"
                        >
                          ​
                        </span>
                      </legend>
                    </fieldset>
                  </div>
                </div>
                <div
                  class="MuiFormGroup-root css-dmmspl-MuiFormGroup-root"
                >
                  <label
                    class="header-filter"
                  >
                    Brand
                  </label>
                </div>
                <div
                  class="MuiFormGroup-root css-dmmspl-MuiFormGroup-root"
                >
                  <label
                    class="header-filter"
                  >
                    Category
                  </label>
                </div>
                <div>
                  <div
                    class="MuiBox-root css-gmuwbf"
                  >
                    <div
                      class="MuiFormControl-root MuiTextField-root css-1u3bzj6-MuiFormControl-root-MuiTextField-root"
                      height="20px"
                    >
                      <div
                        class="MuiInputBase-root MuiOutlinedInput-root MuiInputBase-colorSuccess MuiInputBase-formControl MuiInputBase-sizeSmall css-kzf2d7-MuiInputBase-root-MuiOutlinedInput-root"
                      >
                        <input
                          aria-invalid="false"
                          class="MuiInputBase-input MuiOutlinedInput-input MuiInputBase-inputSizeSmall css-1n4twyu-MuiInputBase-input-MuiOutlinedInput-input"
                          id=":r0:"
                          type="text"
                          value=""
                        />
                        <fieldset
                          aria-hidden="true"
                          class="MuiOutlinedInput-notchedOutline css-1d3z3hw-MuiOutlinedInput-notchedOutline"
                        >
                          <legend
                            class="css-ihdtdm"
                          >
                            <span
                              class="notranslate"
                            >
                              ​
                            </span>
                          </legend>
                        </fieldset>
                      </div>
                    </div>
                    <span
                      class="line"
                    >
                       
                    </span>
                    <div
                      class="MuiFormControl-root MuiTextField-root css-1u3bzj6-MuiFormControl-root-MuiTextField-root"
                    >
                      <div
                        class="MuiInputBase-root MuiOutlinedInput-root MuiInputBase-colorSuccess MuiInputBase-formControl MuiInputBase-sizeSmall css-kzf2d7-MuiInputBase-root-MuiOutlinedInput-root"
                      >
                        <input
                          aria-invalid="false"
                          class="MuiInputBase-input MuiOutlinedInput-input MuiInputBase-inputSizeSmall css-1n4twyu-MuiInputBase-input-MuiOutlinedInput-input"
                          id=":r1:"
                          type="text"
                          value=""
                        />
                        <fieldset
                          aria-hidden="true"
                          class="MuiOutlinedInput-notchedOutline css-1d3z3hw-MuiOutlinedInput-notchedOutline"
                        >
                          <legend
                            class="css-ihdtdm"
                          >
                            <span
                              class="notranslate"
                            >
                              ​
                            </span>
                          </legend>
                        </fieldset>
                      </div>
                    </div>
                  </div>
                </div>
                <div
                  class="MuiFormGroup-root css-dmmspl-MuiFormGroup-root"
                >
                  <label
                    class="header-filter header-filter__name"
                  >
                    Procesor
                  </label>
                </div>
                <div
                  class="show-more-filters"
                >
                  <button
                    class="MuiButtonBase-root sc-beqWaB kPxoob white-shadow css-10d1a0h-MuiButtonBase-root"
                    tabindex="0"
                    type="button"
                    variant="white-shadow"
                  >
                    <span
                      class="button__start-icon"
                    />
                    Show more filters
                    <span
                      class="button__end-icon"
                    />
                    <span
                      class="MuiTouchRipple-root css-8je8zh-MuiTouchRipple-root"
                    />
                  </button>
                </div>
              </section>
            </div>
          </section>
        </div>
      </main>
    </div>
  </body>,
  "container": <div>
    <main>
      <div
        class="MuiContainer-root MuiContainer-maxWidthLg main-list css-1oqqzyl-MuiContainer-root"
      >
        <div>
          <div
            aria-hidden="true"
            class="MuiBackdrop-root css-1mgwyik-MuiBackdrop-root"
            style="opacity: 0.7; background-color: white; position: absolute; webkit-transition: opacity 225ms cubic-bezier(0.4, 0, 0.2, 1) 0ms; transition: opacity 225ms cubic-bezier(0.4, 0, 0.2, 1) 0ms;"
          >
            <span
              class="MuiCircularProgress-root MuiCircularProgress-indeterminate MuiCircularProgress-colorInherit css-62e83j-MuiCircularProgress-root"
              role="progressbar"
              style="width: 40px; height: 40px;"
            >
              <svg
                class="MuiCircularProgress-svg css-1idz92c-MuiCircularProgress-svg"
                viewBox="22 22 44 44"
              >
                <circle
                  class="MuiCircularProgress-circle MuiCircularProgress-circleIndeterminate css-176wh8e-MuiCircularProgress-circle"
                  cx="44"
                  cy="44"
                  fill="none"
                  r="20.2"
                  stroke-width="3.6"
                />
              </svg>
            </span>
          </div>
        </div>
        <div
          class="breadcrumbs__wrapper"
        >
          <a
            class="breadcrumbs__link"
            href="/"
          >
            Home
          </a>
          <a
            class="breadcrumbs__link"
            href="/products"
          >
            Products
          </a>
        </div>
        <div
          class="products-header"
        >
          <p
            class="count-found-product"
          >
            Products 
            <span
              class="title_contrast"
            >
              0
               found
            </span>
          </p>
          <button
            class="MuiButtonBase-root sc-beqWaB eeHUGz btn-reset-filter css-10d1a0h-MuiButtonBase-root"
            tabindex="0"
            type="button"
          >
            <span
              class="button__start-icon"
            />
            Reset filters
            <span
              class="button__end-icon"
            />
            <span
              class="MuiTouchRipple-root css-8je8zh-MuiTouchRipple-root"
            />
          </button>
        </div>
        <section
          class="main-list__sections"
        >
          <div
            class="main-list__sections--products"
          >
            <p
              class="text-product__not-found"
            />
          </div>
          <div
            class="main-list__sections--filters"
          >
            <section
              class="main-filter-block"
            >
              <div
                class="MuiFormControl-root css-1nrlq1o-MuiFormControl-root"
              >
                <div
                  class="header-filter"
                >
                   Sort by  
                </div>
                <div
                  class="MuiInputBase-root MuiOutlinedInput-root MuiInputBase-colorSuccess MuiInputBase-formControl  css-meedmd-MuiInputBase-root-MuiOutlinedInput-root-MuiSelect-root"
                >
                  <div
                    aria-expanded="false"
                    aria-haspopup="listbox"
                    class="MuiSelect-select MuiSelect-outlined MuiInputBase-input MuiOutlinedInput-input css-11u53oe-MuiSelect-select-MuiInputBase-input-MuiOutlinedInput-input"
                    role="button"
                    tabindex="0"
                  >
                    <span
                      class="notranslate"
                    >
                      ​
                    </span>
                  </div>
                  <input
                    aria-hidden="true"
                    class="MuiSelect-nativeInput css-yf8vq0-MuiSelect-nativeInput"
                    tabindex="-1"
                    value=""
                  />
                  <svg
                    aria-hidden="true"
                    class="MuiSvgIcon-root MuiSvgIcon-fontSizeMedium MuiSelect-icon MuiSelect-iconOutlined css-hfutr2-MuiSvgIcon-root-MuiSelect-icon"
                    data-testid="ArrowDropDownIcon"
                    focusable="false"
                    viewBox="0 0 24 24"
                  >
                    <path
                      d="M7 10l5 5 5-5z"
                    />
                  </svg>
                  <fieldset
                    aria-hidden="true"
                    class="MuiOutlinedInput-notchedOutline css-1d3z3hw-MuiOutlinedInput-notchedOutline"
                  >
                    <legend
                      class="css-ihdtdm"
                    >
                      <span
                        class="notranslate"
                      >
                        ​
                      </span>
                    </legend>
                  </fieldset>
                </div>
              </div>
              <div
                class="MuiFormGroup-root css-dmmspl-MuiFormGroup-root"
              >
                <label
                  class="header-filter"
                >
                  Brand
                </label>
              </div>
              <div
                class="MuiFormGroup-root css-dmmspl-MuiFormGroup-root"
              >
                <label
                  class="header-filter"
                >
                  Category
                </label>
              </div>
              <div>
                <div
                  class="MuiBox-root css-gmuwbf"
                >
                  <div
                    class="MuiFormControl-root MuiTextField-root css-1u3bzj6-MuiFormControl-root-MuiTextField-root"
                    height="20px"
                  >
                    <div
                      class="MuiInputBase-root MuiOutlinedInput-root MuiInputBase-colorSuccess MuiInputBase-formControl MuiInputBase-sizeSmall css-kzf2d7-MuiInputBase-root-MuiOutlinedInput-root"
                    >
                      <input
                        aria-invalid="false"
                        class="MuiInputBase-input MuiOutlinedInput-input MuiInputBase-inputSizeSmall css-1n4twyu-MuiInputBase-input-MuiOutlinedInput-input"
                        id=":r0:"
                        type="text"
                        value=""
                      />
                      <fieldset
                        aria-hidden="true"
                        class="MuiOutlinedInput-notchedOutline css-1d3z3hw-MuiOutlinedInput-notchedOutline"
                      >
                        <legend
                          class="css-ihdtdm"
                        >
                          <span
                            class="notranslate"
                          >
                            ​
                          </span>
                        </legend>
                      </fieldset>
                    </div>
                  </div>
                  <span
                    class="line"
                  >
                     
                  </span>
                  <div
                    class="MuiFormControl-root MuiTextField-root css-1u3bzj6-MuiFormControl-root-MuiTextField-root"
                  >
                    <div
                      class="MuiInputBase-root MuiOutlinedInput-root MuiInputBase-colorSuccess MuiInputBase-formControl MuiInputBase-sizeSmall css-kzf2d7-MuiInputBase-root-MuiOutlinedInput-root"
                    >
                      <input
                        aria-invalid="false"
                        class="MuiInputBase-input MuiOutlinedInput-input MuiInputBase-inputSizeSmall css-1n4twyu-MuiInputBase-input-MuiOutlinedInput-input"
                        id=":r1:"
                        type="text"
                        value=""
                      />
                      <fieldset
                        aria-hidden="true"
                        class="MuiOutlinedInput-notchedOutline css-1d3z3hw-MuiOutlinedInput-notchedOutline"
                      >
                        <legend
                          class="css-ihdtdm"
                        >
                          <span
                            class="notranslate"
                          >
                            ​
                          </span>
                        </legend>
                      </fieldset>
                    </div>
                  </div>
                </div>
              </div>
              <div
                class="MuiFormGroup-root css-dmmspl-MuiFormGroup-root"
              >
                <label
                  class="header-filter header-filter__name"
                >
                  Procesor
                </label>
              </div>
              <div
                class="show-more-filters"
              >
                <button
                  class="MuiButtonBase-root sc-beqWaB kPxoob white-shadow css-10d1a0h-MuiButtonBase-root"
                  tabindex="0"
                  type="button"
                  variant="white-shadow"
                >
                  <span
                    class="button__start-icon"
                  />
                  Show more filters
                  <span
                    class="button__end-icon"
                  />
                  <span
                    class="MuiTouchRipple-root css-8je8zh-MuiTouchRipple-root"
                  />
                </button>
              </div>
            </section>
          </div>
        </section>
      </div>
    </main>
  </div>,
  "debug": [Function],
  "findAllByAltText": [Function],
  "findAllByDisplayValue": [Function],
  "findAllByLabelText": [Function],
  "findAllByPlaceholderText": [Function],
  "findAllByRole": [Function],
  "findAllByTestId": [Function],
  "findAllByText": [Function],
  "findAllByTitle": [Function],
  "findByAltText": [Function],
  "findByDisplayValue": [Function],
  "findByLabelText": [Function],
  "findByPlaceholderText": [Function],
  "findByRole": [Function],
  "findByTestId": [Function],
  "findByText": [Function],
  "findByTitle": [Function],
  "getAllByAltText": [Function],
  "getAllByDisplayValue": [Function],
  "getAllByLabelText": [Function],
  "getAllByPlaceholderText": [Function],
  "getAllByRole": [Function],
  "getAllByTestId": [Function],
  "getAllByText": [Function],
  "getAllByTitle": [Function],
  "getByAltText": [Function],
  "getByDisplayValue": [Function],
  "getByLabelText": [Function],
  "getByPlaceholderText": [Function],
  "getByRole": [Function],
  "getByTestId": [Function],
  "getByText": [Function],
  "getByTitle": [Function],
  "queryAllByAltText": [Function],
  "queryAllByDisplayValue": [Function],
  "queryAllByLabelText": [Function],
  "queryAllByPlaceholderText": [Function],
  "queryAllByRole": [Function],
  "queryAllByTestId": [Function],
  "queryAllByText": [Function],
  "queryAllByTitle": [Function],
  "queryByAltText": [Function],
  "queryByDisplayValue": [Function],
  "queryByLabelText": [Function],
  "queryByPlaceholderText": [Function],
  "queryByRole": [Function],
  "queryByTestId": [Function],
  "queryByText": [Function],
  "queryByTitle": [Function],
  "rerender": [Function],
  "unmount": [Function],
}
`;
